ubuntu@ubuntu:~$ sudo dnf install traceroute
sudo-rs: 'dnf': command not found
ubuntu@ubuntu:~$ traceroute
Command 'traceroute' not found, but can be installed with:
sudo apt install inetutils-traceroute  # version 2:2.6-1ubuntu3, or
sudo apt install traceroute            # version 1:2.1.6-1
ubuntu@ubuntu:~$ sudo apt install traceroute
Package traceroute is not available, but is referred to by another package.
This may mean that the package is missing, has been obsoleted, or
is only available from another source

Error: Package 'traceroute' has no installation candidate
ubuntu@ubuntu:~$ ^C
ubuntu@ubuntu:~$ ^C
ubuntu@ubuntu:~$ ^C
ubuntu@ubuntu:~$ sudo apt update
Ign:1 cdrom://Ubuntu 25.10 _Questing Quokka_ - Release arm64 (20251007) questing InRelease
Hit:2 cdrom://Ubuntu 25.10 _Questing Quokka_ - Release arm64 (20251007) questing Release
Get:4 http://ports.ubuntu.com/ubuntu-ports questing InRelease [275 kB]
Get:5 http://ports.ubuntu.com/ubuntu-ports questing-updates InRelease [136 kB]
Get:6 http://ports.ubuntu.com/ubuntu-ports questing-backports InRelease [133 kB]
Get:7 http://ports.ubuntu.com/ubuntu-ports questing-security InRelease [136 kB]
Get:8 http://ports.ubuntu.com/ubuntu-ports questing/main arm64 Packages [1435 kB]
Get:9 http://ports.ubuntu.com/ubuntu-ports questing/main Translation-en [520 kB]
Get:10 http://ports.ubuntu.com/ubuntu-ports questing/main arm64 Components [409 kB]
Get:11 http://ports.ubuntu.com/ubuntu-ports questing/main arm64 c-n-f Metadata [31.7 kB]
Get:12 http://ports.ubuntu.com/ubuntu-ports questing/universe arm64 Packages [15.4 MB]
Get:13 http://ports.ubuntu.com/ubuntu-ports questing/universe Translation-en [6283 kB]
Get:14 http://ports.ubuntu.com/ubuntu-ports questing/universe arm64 Components [4017 kB]
Get:15 http://ports.ubuntu.com/ubuntu-ports questing/universe Icons (48x48) [3735 kB]
Get:16 http://ports.ubuntu.com/ubuntu-ports questing/universe Icons (64x64) [7632 kB]
Get:17 http://ports.ubuntu.com/ubuntu-ports questing/universe Icons (64x64@2) [102 kB]
Get:18 http://ports.ubuntu.com/ubuntu-ports questing/universe arm64 c-n-f Metadata [304 kB]
Get:19 http://ports.ubuntu.com/ubuntu-ports questing/restricted arm64 Packages [115 kB]
Get:20 http://ports.ubuntu.com/ubuntu-ports questing/restricted Translation-en [15.1 kB]
Get:21 http://ports.ubuntu.com/ubuntu-ports questing/restricted arm64 Components [196 B]
Get:22 http://ports.ubuntu.com/ubuntu-ports questing/multiverse arm64 Packages [228 kB]
Get:23 http://ports.ubuntu.com/ubuntu-ports questing/multiverse Translation-en [121 kB]
Get:24 http://ports.ubuntu.com/ubuntu-ports questing/multiverse arm64 Components [48.2 kB]
Get:25 http://ports.ubuntu.com/ubuntu-ports questing/multiverse Icons (48x48) [64.4 kB]
Get:26 http://ports.ubuntu.com/ubuntu-ports questing/multiverse Icons (64x64) [187 kB]
Get:27 http://ports.ubuntu.com/ubuntu-ports questing/multiverse Icons (64x64@2) [904 B]
Get:28 http://ports.ubuntu.com/ubuntu-ports questing/multiverse arm64 c-n-f Metadata [5756 B]
Get:29 http://ports.ubuntu.com/ubuntu-ports questing-updates/main arm64 Packages [253 kB]
Get:30 http://ports.ubuntu.com/ubuntu-ports questing-updates/main Translation-en [69.8 kB]
Get:31 http://ports.ubuntu.com/ubuntu-ports questing-updates/main arm64 Components [33.5 kB]
Get:32 http://ports.ubuntu.com/ubuntu-ports questing-updates/main Icons (48x48) [14.1 kB]
Get:33 http://ports.ubuntu.com/ubuntu-ports questing-updates/main Icons (64x64) [17.0 kB]
Get:34 http://ports.ubuntu.com/ubuntu-ports questing-updates/main arm64 c-n-f Metadata [6292 B]
Get:35 http://ports.ubuntu.com/ubuntu-ports questing-updates/universe arm64 Packages [135 kB]
Get:36 http://ports.ubuntu.com/ubuntu-ports questing-updates/universe Translation-en [47.0 kB]
Get:37 http://ports.ubuntu.com/ubuntu-ports questing-updates/universe arm64 Components [41.3 kB]
Get:38 http://ports.ubuntu.com/ubuntu-ports questing-updates/universe Icons (48x48) [22.1 kB]
Get:39 http://ports.ubuntu.com/ubuntu-ports questing-updates/universe Icons (64x64) [33.2 kB]
Get:40 http://ports.ubuntu.com/ubuntu-ports questing-updates/universe Icons (64x64@2) [29 B]
Get:41 http://ports.ubuntu.com/ubuntu-ports questing-updates/universe arm64 c-n-f Metadata [3852 B]
Get:42 http://ports.ubuntu.com/ubuntu-ports questing-updates/restricted arm64 Packages [147 kB]
Get:43 http://ports.ubuntu.com/ubuntu-ports questing-updates/restricted Translation-en [20.4 kB]
Get:44 http://ports.ubuntu.com/ubuntu-ports questing-updates/restricted arm64 Components [212 B]
Get:45 http://ports.ubuntu.com/ubuntu-ports questing-updates/restricted arm64 c-n-f Metadata [324 B]
Get:46 http://ports.ubuntu.com/ubuntu-ports questing-updates/multiverse arm64 Packages [1676 B]
Get:47 http://ports.ubuntu.com/ubuntu-ports questing-updates/multiverse Translation-en [876 B]
Get:48 http://ports.ubuntu.com/ubuntu-ports questing-updates/multiverse arm64 Components [212 B]
Get:49 http://ports.ubuntu.com/ubuntu-ports questing-updates/multiverse Icons (48x48) [29 B]
Get:50 http://ports.ubuntu.com/ubuntu-ports questing-updates/multiverse Icons (64x64) [29 B]
Get:51 http://ports.ubuntu.com/ubuntu-ports questing-updates/multiverse Icons (64x64@2) [29 B]
Get:52 http://ports.ubuntu.com/ubuntu-ports questing-updates/multiverse arm64 c-n-f Metadata [224 B]
Get:53 http://ports.ubuntu.com/ubuntu-ports questing-backports/main arm64 Components [212 B]
Get:54 http://ports.ubuntu.com/ubuntu-ports questing-backports/main Icons (48x48) [29 B]
Get:55 http://ports.ubuntu.com/ubuntu-ports questing-backports/main Icons (64x64) [29 B]
Get:56 http://ports.ubuntu.com/ubuntu-ports questing-backports/main Icons (64x64@2) [29 B]
Get:57 http://ports.ubuntu.com/ubuntu-ports questing-backports/universe arm64 Packages [752 B]
Get:58 http://ports.ubuntu.com/ubuntu-ports questing-backports/universe Translation-en [388 B]
Get:59 http://ports.ubuntu.com/ubuntu-ports questing-backports/universe arm64 Components [216 B]
Get:60 http://ports.ubuntu.com/ubuntu-ports questing-backports/universe Icons (48x48) [29 B]
Get:61 http://ports.ubuntu.com/ubuntu-ports questing-backports/universe Icons (64x64) [29 B]
Get:62 http://ports.ubuntu.com/ubuntu-ports questing-backports/universe Icons (64x64@2) [29 B]
Get:63 http://ports.ubuntu.com/ubuntu-ports questing-backports/universe arm64 c-n-f Metadata [116 B]
Get:64 http://ports.ubuntu.com/ubuntu-ports questing-backports/restricted arm64 Components [216 B]
Get:65 http://ports.ubuntu.com/ubuntu-ports questing-backports/restricted Icons (48x48) [29 B]
Get:66 http://ports.ubuntu.com/ubuntu-ports questing-backports/restricted Icons (64x64) [29 B]
Get:67 http://ports.ubuntu.com/ubuntu-ports questing-backports/restricted Icons (64x64@2) [29 B]
Get:68 http://ports.ubuntu.com/ubuntu-ports questing-backports/restricted arm64 c-n-f Metadata [120 B]
Get:69 http://ports.ubuntu.com/ubuntu-ports questing-backports/multiverse arm64 Components [216 B]
Get:70 http://ports.ubuntu.com/ubuntu-ports questing-backports/multiverse Icons (48x48) [29 B]
Get:71 http://ports.ubuntu.com/ubuntu-ports questing-backports/multiverse Icons (64x64) [29 B]
Get:72 http://ports.ubuntu.com/ubuntu-ports questing-backports/multiverse Icons (64x64@2) [29 B]
Get:73 http://ports.ubuntu.com/ubuntu-ports questing-backports/multiverse arm64 c-n-f Metadata [120 B]
Get:74 http://ports.ubuntu.com/ubuntu-ports questing-security/main arm64 Packages [157 kB]
Get:75 http://ports.ubuntu.com/ubuntu-ports questing-security/main Translation-en [43.0 kB]
Get:76 http://ports.ubuntu.com/ubuntu-ports questing-security/main arm64 Components [448 B]
Get:77 http://ports.ubuntu.com/ubuntu-ports questing-security/main arm64 c-n-f Metadata [4120 B]
Get:78 http://ports.ubuntu.com/ubuntu-ports questing-security/universe arm64 Packages [89.3 kB]
Get:79 http://ports.ubuntu.com/ubuntu-ports questing-security/universe Translation-en [30.8 kB]
Get:80 http://ports.ubuntu.com/ubuntu-ports questing-security/universe arm64 Components [10.1 kB]
Get:81 http://ports.ubuntu.com/ubuntu-ports questing-security/universe Icons (48x48) [7080 B]
Get:82 http://ports.ubuntu.com/ubuntu-ports questing-security/universe Icons (64x64) [11.3 kB]
Get:83 http://ports.ubuntu.com/ubuntu-ports questing-security/universe Icons (64x64@2) [29 B]
Get:84 http://ports.ubuntu.com/ubuntu-ports questing-security/universe arm64 c-n-f Metadata [2752 B]
Get:85 http://ports.ubuntu.com/ubuntu-ports questing-security/restricted arm64 Packages [145 kB]
Get:86 http://ports.ubuntu.com/ubuntu-ports questing-security/restricted Translation-en [19.7 kB]
Get:87 http://ports.ubuntu.com/ubuntu-ports questing-security/restricted arm64 Components [212 B]
Get:88 http://ports.ubuntu.com/ubuntu-ports questing-security/restricted arm64 c-n-f Metadata [328 B]
Get:89 http://ports.ubuntu.com/ubuntu-ports questing-security/multiverse arm64 Packages [1676 B]
Get:90 http://ports.ubuntu.com/ubuntu-ports questing-security/multiverse Translation-en [616 B]
Get:91 http://ports.ubuntu.com/ubuntu-ports questing-security/multiverse arm64 Components [212 B]
Get:92 http://ports.ubuntu.com/ubuntu-ports questing-security/multiverse Icons (48x48) [29 B]
Get:93 http://ports.ubuntu.com/ubuntu-ports questing-security/multiverse Icons (64x64) [29 B]
Get:94 http://ports.ubuntu.com/ubuntu-ports questing-security/multiverse Icons (64x64@2) [29 B]
Get:95 http://ports.ubuntu.com/ubuntu-ports questing-security/multiverse arm64 c-n-f Metadata [224 B]
Fetched 42.7 MB in 46s (927 kB/s)                                              
246 packages can be upgraded. Run 'apt list --upgradable' to see them.
Notice: Some sources can be modernized. Run 'apt modernize-sources' to do so.
ubuntu@ubuntu:~$ sudo apt install traceroute
Installing:                     
  traceroute

Summary:
  Upgrading: 0, Installing: 1, Removing: 0, Not Upgrading: 246
  Download size: 52.9 kB
  Space needed: 220 kB / 1583 MB available

Get:1 http://ports.ubuntu.com/ubuntu-ports questing/universe arm64 traceroute arm64 1:2.1.6-1 [52.9 kB]
Fetched 52.9 kB in 2s (22.1 kB/s)     
Selecting previously unselected package traceroute.
(Reading database ... 209308 files and directories currently installed.)
Preparing to unpack .../traceroute_1%3a2.1.6-1_arm64.deb ...
Unpacking traceroute (1:2.1.6-1) ...
Setting up traceroute (1:2.1.6-1) ...
update-alternatives: using /usr/bin/traceroute.db to provide /usr/bin/traceroute
 (traceroute) in auto mode
update-alternatives: using /usr/bin/traceroute6.db to provide /usr/bin/tracerout
e6 (traceroute6) in auto mode
update-alternatives: using /usr/bin/lft.db to provide /usr/bin/lft (lft) in auto
 mode
update-alternatives: using /usr/bin/traceproto.db to provide /usr/bin/traceproto
 (traceproto) in auto mode
update-alternatives: using /usr/sbin/tcptraceroute.db to provide /usr/sbin/tcptr
aceroute (tcptraceroute) in auto mode
Processing triggers for man-db (2.13.1-1) ...
ubuntu@ubuntu:~$ traceroute google.com
traceroute to google.com (172.217.24.142), 30 hops max, 60 byte packets
 1  _gateway (172.16.213.2)  0.345 ms  0.295 ms  0.273 ms
 2  192.168.0.1 (192.168.0.1)  6.549 ms  6.505 ms  6.437 ms
 3  223.190.228.1 (223.190.228.1)  10.035 ms  9.988 ms  9.970 ms
 4  152.52.122.45 (152.52.122.45)  10.005 ms  10.023 ms 152.52.122.57 (152.52.122.57)  9.996 ms
 5  182.79.142.218 (182.79.142.218)  22.462 ms * *
 6  * * 219.65.99.1.STATIC-Banglore.vsnl.net.in (219.65.99.1)  10.485 ms
 7  * * *
 8  142.251.49.218 (142.251.49.218)  31.272 ms nrt20s01-in-f142.1e100.net (172.217.24.142)  28.773 ms 216.239.54.196 (216.239.54.196)  28.709 ms
ubuntu@ubuntu:~$ traceroute pacewisdom.com
traceroute to pacewisdom.com (198.202.211.1), 30 hops max, 60 byte packets
 1  _gateway (172.16.213.2)  0.875 ms  0.729 ms  0.703 ms
 2  192.168.0.1 (192.168.0.1)  5.494 ms  6.634 ms  6.564 ms
 3  223.190.228.1 (223.190.228.1)  23.210 ms  22.947 ms  22.846 ms
 4  10.0.0.1 (10.0.0.1)  10.585 ms 125.17.254.213 (125.17.254.213)  13.660 ms *
 5  116.119.109.244 (116.119.109.244)  50.353 ms  44.525 ms  50.123 ms
 6  219.65.99.1.STATIC-Banglore.vsnl.net.in (219.65.99.1)  12.998 ms 182.79.164.25 (182.79.164.25)  66.784 ms  41.278 ms
 7  198.202.211.1 (198.202.211.1)  37.061 ms *  37.335 ms
ubuntu@ubuntu:~$ ping google.com
PING google.com (172.217.24.142) 56(84) bytes of data.
64 bytes from nrt20s01-in-f14.1e100.net (172.217.24.142): icmp_seq=1 ttl=128 time=31.8 ms
64 bytes from nrt20s01-in-f14.1e100.net (172.217.24.142): icmp_seq=2 ttl=128 time=38.0 ms
64 bytes from nrt20s01-in-f14.1e100.net (172.217.24.142): icmp_seq=3 ttl=128 time=63.3 ms
64 bytes from nrt20s01-in-f14.1e100.net (172.217.24.142): icmp_seq=4 ttl=128 time=47.6 ms
64 bytes from nrt20s01-in-f14.1e100.net (172.217.24.142): icmp_seq=5 ttl=128 time=60.1 ms
64 bytes from nrt20s01-in-f14.1e100.net (172.217.24.142): icmp_seq=6 ttl=128 time=34.4 ms
64 bytes from nrt20s01-in-f14.1e100.net (172.217.24.142): icmp_seq=7 ttl=128 time=45.5 ms
64 bytes from nrt20s01-in-f14.1e100.net (172.217.24.142): icmp_seq=8 ttl=128 time=67.7 ms
64 bytes from nrt20s01-in-f14.1e100.net (172.217.24.142): icmp_seq=9 ttl=128 time=46.1 ms
64 bytes from nrt20s01-in-f14.1e100.net (172.217.24.142): icmp_seq=10 ttl=128 time=53.1 ms
64 bytes from nrt20s01-in-f14.1e100.net (172.217.24.142): icmp_seq=11 ttl=128 time=45.6 ms
64 bytes from nrt20s01-in-f14.1e100.net (172.217.24.142): icmp_seq=12 ttl=128 time=60.3 ms
64 bytes from nrt20s01-in-f14.1e100.net (172.217.24.142): icmp_seq=13 ttl=128 time=51.5 ms
64 bytes from nrt20s01-in-f14.1e100.net (172.217.24.142): icmp_seq=14 ttl=128 time=87.0 ms
64 bytes from nrt20s01-in-f14.1e100.net (172.217.24.142): icmp_seq=15 ttl=128 time=52.4 ms
64 bytes from nrt20s01-in-f14.1e100.net (172.217.24.142): icmp_seq=16 ttl=128 time=60.5 ms
64 bytes from nrt20s01-in-f14.1e100.net (172.217.24.142): icmp_seq=17 ttl=128 time=182 ms
64 bytes from nrt20s01-in-f14.1e100.net (172.217.24.142): icmp_seq=18 ttl=128 time=383 ms
64 bytes from nrt20s01-in-f14.1e100.net (172.217.24.142): icmp_seq=19 ttl=128 time=55.3 ms
64 bytes from nrt20s01-in-f14.1e100.net (172.217.24.142): icmp_seq=20 ttl=128 time=403 ms
64 bytes from nrt20s01-in-f14.1e100.net (172.217.24.142): icmp_seq=21 ttl=128 time=68.9 ms
64 bytes from nrt20s01-in-f14.1e100.net (172.217.24.142): icmp_seq=22 ttl=128 time=97.3 ms
64 bytes from nrt20s01-in-f14.1e100.net (172.217.24.142): icmp_seq=23 ttl=128 time=131 ms
64 bytes from nrt20s01-in-f14.1e100.net (172.217.24.142): icmp_seq=24 ttl=128 time=107 ms
64 bytes from nrt20s01-in-f14.1e100.net (172.217.24.142): icmp_seq=25 ttl=128 time=98.2 ms
64 bytes from nrt20s01-in-f14.1e100.net (172.217.24.142): icmp_seq=26 ttl=128 time=70.5 ms
64 bytes from nrt20s01-in-f14.1e100.net (172.217.24.142): icmp_seq=27 ttl=128 time=35.0 ms
64 bytes from nrt20s01-in-f14.1e100.net (172.217.24.142): icmp_seq=28 ttl=128 time=89.6 ms
64 bytes from nrt20s01-in-f14.1e100.net (172.217.24.142): icmp_seq=29 ttl=128 time=76.9 ms
64 bytes from nrt20s01-in-f14.1e100.net (172.217.24.142): icmp_seq=30 ttl=128 time=118 ms
64 bytes from nrt20s01-in-f14.1e100.net (172.217.24.142): icmp_seq=31 ttl=128 time=64.7 ms
64 bytes from nrt20s01-in-f14.1e100.net (172.217.24.142): icmp_seq=32 ttl=128 time=104 ms
64 bytes from nrt20s01-in-f14.1e100.net (172.217.24.142): icmp_seq=33 ttl=128 time=44.5 ms
64 bytes from nrt20s01-in-f14.1e100.net (172.217.24.142): icmp_seq=34 ttl=128 time=173 ms
64 bytes from nrt20s01-in-f14.1e100.net (172.217.24.142): icmp_seq=35 ttl=128 time=67.5 ms
64 bytes from nrt20s01-in-f14.1e100.net (172.217.24.142): icmp_seq=36 ttl=128 time=768 ms
64 bytes from nrt20s01-in-f14.1e100.net (172.217.24.142): icmp_seq=37 ttl=128 time=70.2 ms
64 bytes from nrt20s01-in-f14.1e100.net (172.217.24.142): icmp_seq=38 ttl=128 time=100 ms
64 bytes from nrt20s01-in-f14.1e100.net (172.217.24.142): icmp_seq=39 ttl=128 time=179 ms
64 bytes from nrt20s01-in-f14.1e100.net (172.217.24.142): icmp_seq=40 ttl=128 time=59.5 ms
64 bytes from nrt20s01-in-f14.1e100.net (172.217.24.142): icmp_seq=41 ttl=128 time=273 ms
64 bytes from nrt20s01-in-f14.1e100.net (172.217.24.142): icmp_seq=42 ttl=128 time=74.3 ms
64 bytes from nrt20s01-in-f14.1e100.net (172.217.24.142): icmp_seq=43 ttl=128 time=44.1 ms
64 bytes from nrt20s01-in-f14.1e100.net (172.217.24.142): icmp_seq=44 ttl=128 time=38.7 ms
64 bytes from nrt20s01-in-f14.1e100.net (172.217.24.142): icmp_seq=45 ttl=128 time=54.3 ms
64 bytes from nrt20s01-in-f14.1e100.net (172.217.24.142): icmp_seq=46 ttl=128 time=90.2 ms
64 bytes from nrt20s01-in-f14.1e100.net (172.217.24.142): icmp_seq=47 ttl=128 time=86.0 ms
64 bytes from nrt20s01-in-f14.1e100.net (172.217.24.142): icmp_seq=48 ttl=128 time=182 ms
64 bytes from nrt20s01-in-f14.1e100.net (172.217.24.142): icmp_seq=49 ttl=128 time=135 ms
64 bytes from nrt20s01-in-f14.1e100.net (172.217.24.142): icmp_seq=50 ttl=128 time=89.3 ms
64 bytes from nrt20s01-in-f14.1e100.net (172.217.24.142): icmp_seq=51 ttl=128 time=312 ms
64 bytes from nrt20s01-in-f14.1e100.net (172.217.24.142): icmp_seq=52 ttl=128 time=137 ms
64 bytes from nrt20s01-in-f14.1e100.net (172.217.24.142): icmp_seq=53 ttl=128 time=113 ms
64 bytes from nrt20s01-in-f14.1e100.net (172.217.24.142): icmp_seq=54 ttl=128 time=69.8 ms
64 bytes from nrt20s01-in-f14.1e100.net (172.217.24.142): icmp_seq=55 ttl=128 time=187 ms
64 bytes from nrt20s01-in-f14.1e100.net (172.217.24.142): icmp_seq=56 ttl=128 time=40.0 ms
64 bytes from nrt20s01-in-f14.1e100.net (172.217.24.142): icmp_seq=57 ttl=128 time=50.3 ms
64 bytes from nrt20s01-in-f14.1e100.net (172.217.24.142): icmp_seq=58 ttl=128 time=62.5 ms
64 bytes from nrt20s01-in-f14.1e100.net (172.217.24.142): icmp_seq=59 ttl=128 time=57.2 ms
64 bytes from nrt20s01-in-f14.1e100.net (172.217.24.142): icmp_seq=60 ttl=128 time=105 ms
64 bytes from nrt20s01-in-f14.1e100.net (172.217.24.142): icmp_seq=61 ttl=128 time=419 ms
64 bytes from nrt20s01-in-f14.1e100.net (172.217.24.142): icmp_seq=62 ttl=128 time=90.6 ms
64 bytes from nrt20s01-in-f14.1e100.net (172.217.24.142): icmp_seq=63 ttl=128 time=346 ms
64 bytes from nrt20s01-in-f14.1e100.net (172.217.24.142): icmp_seq=64 ttl=128 time=126 ms
64 bytes from nrt20s01-in-f14.1e100.net (172.217.24.142): icmp_seq=65 ttl=128 time=111 ms
64 bytes from nrt20s01-in-f14.1e100.net (172.217.24.142): icmp_seq=67 ttl=128 time=104 ms
64 bytes from nrt20s01-in-f14.1e100.net (172.217.24.142): icmp_seq=68 ttl=128 time=476 ms
64 bytes from nrt20s01-in-f14.1e100.net (172.217.24.142): icmp_seq=69 ttl=128 time=145 ms
64 bytes from nrt20s01-in-f14.1e100.net (172.217.24.142): icmp_seq=70 ttl=128 time=275 ms
64 bytes from nrt20s01-in-f14.1e100.net (172.217.24.142): icmp_seq=71 ttl=128 time=127 ms
64 bytes from nrt20s01-in-f14.1e100.net (172.217.24.142): icmp_seq=72 ttl=128 time=107 ms
64 bytes from nrt20s01-in-f14.1e100.net (172.217.24.142): icmp_seq=73 ttl=128 time=110 ms
64 bytes from nrt20s01-in-f14.1e100.net (172.217.24.142): icmp_seq=74 ttl=128 time=45.9 ms
64 bytes from nrt20s01-in-f14.1e100.net (172.217.24.142): icmp_seq=75 ttl=128 time=62.7 ms
64 bytes from nrt20s01-in-f14.1e100.net (172.217.24.142): icmp_seq=76 ttl=128 time=56.5 ms
64 bytes from nrt20s01-in-f14.1e100.net (172.217.24.142): icmp_seq=77 ttl=128 time=144 ms
64 bytes from nrt20s01-in-f14.1e100.net (172.217.24.142): icmp_seq=78 ttl=128 time=143 ms
64 bytes from nrt20s01-in-f14.1e100.net (172.217.24.142): icmp_seq=79 ttl=128 time=121 ms
64 bytes from nrt20s01-in-f14.1e100.net (172.217.24.142): icmp_seq=80 ttl=128 time=113 ms
64 bytes from nrt20s01-in-f14.1e100.net (172.217.24.142): icmp_seq=81 ttl=128 time=151 ms
64 bytes from nrt20s01-in-f14.1e100.net (172.217.24.142): icmp_seq=82 ttl=128 time=69.3 ms
64 bytes from nrt20s01-in-f14.1e100.net (172.217.24.142): icmp_seq=83 ttl=128 time=120 ms
64 bytes from nrt20s01-in-f14.1e100.net (172.217.24.142): icmp_seq=84 ttl=128 time=80.7 ms
64 bytes from nrt20s01-in-f14.1e100.net (172.217.24.142): icmp_seq=85 ttl=128 time=45.9 ms
64 bytes from nrt20s01-in-f14.1e100.net (172.217.24.142): icmp_seq=86 ttl=128 time=43.8 ms
64 bytes from nrt20s01-in-f14.1e100.net (172.217.24.142): icmp_seq=87 ttl=128 time=55.3 ms
64 bytes from nrt20s01-in-f14.1e100.net (172.217.24.142): icmp_seq=88 ttl=128 time=35.4 ms
64 bytes from nrt20s01-in-f14.1e100.net (172.217.24.142): icmp_seq=89 ttl=128 time=49.2 ms
64 bytes from nrt20s01-in-f14.1e100.net (172.217.24.142): icmp_seq=90 ttl=128 time=66.2 ms
64 bytes from nrt20s01-in-f14.1e100.net (172.217.24.142): icmp_seq=91 ttl=128 time=84.5 ms
64 bytes from nrt20s01-in-f14.1e100.net (172.217.24.142): icmp_seq=92 ttl=128 time=47.6 ms
64 bytes from nrt20s01-in-f14.1e100.net (172.217.24.142): icmp_seq=93 ttl=128 time=121 ms
64 bytes from nrt20s01-in-f14.1e100.net (172.217.24.142): icmp_seq=94 ttl=128 time=42.2 ms
64 bytes from nrt20s01-in-f14.1e100.net (172.217.24.142): icmp_seq=95 ttl=128 time=97.0 ms
64 bytes from nrt20s01-in-f14.1e100.net (172.217.24.142): icmp_seq=96 ttl=128 time=62.7 ms
64 bytes from nrt20s01-in-f14.1e100.net (172.217.24.142): icmp_seq=97 ttl=128 time=71.1 ms
64 bytes from nrt20s01-in-f14.1e100.net (172.217.24.142): icmp_seq=98 ttl=128 time=52.6 ms
64 bytes from nrt20s01-in-f14.1e100.net (172.217.24.142): icmp_seq=99 ttl=128 time=59.2 ms
64 bytes from nrt20s01-in-f14.1e100.net (172.217.24.142): icmp_seq=100 ttl=128 time=57.4 ms
64 bytes from nrt20s01-in-f14.1e100.net (172.217.24.142): icmp_seq=101 ttl=128 time=47.9 ms
64 bytes from nrt20s01-in-f14.1e100.net (172.217.24.142): icmp_seq=102 ttl=128 time=41.8 ms
64 bytes from nrt20s01-in-f14.1e100.net (172.217.24.142): icmp_seq=104 ttl=128 time=52.7 ms
64 bytes from nrt20s01-in-f14.1e100.net (172.217.24.142): icmp_seq=105 ttl=128 time=41.3 ms
64 bytes from nrt20s01-in-f14.1e100.net (172.217.24.142): icmp_seq=106 ttl=128 time=37.9 ms
64 bytes from nrt20s01-in-f14.1e100.net (172.217.24.142): icmp_seq=107 ttl=128 time=36.5 ms
64 bytes from nrt20s01-in-f14.1e100.net (172.217.24.142): icmp_seq=108 ttl=128 time=39.0 ms
64 bytes from nrt20s01-in-f14.1e100.net (172.217.24.142): icmp_seq=109 ttl=128 time=39.0 ms
64 bytes from nrt20s01-in-f14.1e100.net (172.217.24.142): icmp_seq=110 ttl=128 time=38.1 ms
64 bytes from nrt20s01-in-f14.1e100.net (172.217.24.142): icmp_seq=111 ttl=128 time=36.8 ms
64 bytes from nrt20s01-in-f14.1e100.net (172.217.24.142): icmp_seq=112 ttl=128 time=35.7 ms
64 bytes from nrt20s01-in-f14.1e100.net (172.217.24.142): icmp_seq=113 ttl=128 time=39.8 ms
64 bytes from nrt20s01-in-f14.1e100.net (172.217.24.142): icmp_seq=114 ttl=128 time=39.9 ms
64 bytes from nrt20s01-in-f14.1e100.net (172.217.24.142): icmp_seq=115 ttl=128 time=41.0 ms
64 bytes from nrt20s01-in-f14.1e100.net (172.217.24.142): icmp_seq=116 ttl=128 time=37.7 ms
64 bytes from nrt20s01-in-f14.1e100.net (172.217.24.142): icmp_seq=117 ttl=128 time=34.9 ms
64 bytes from nrt20s01-in-f14.1e100.net (172.217.24.142): icmp_seq=118 ttl=128 time=40.0 ms
64 bytes from nrt20s01-in-f14.1e100.net (172.217.24.142): icmp_seq=119 ttl=128 time=37.7 ms
64 bytes from nrt20s01-in-f14.1e100.net (172.217.24.142): icmp_seq=120 ttl=128 time=36.4 ms
64 bytes from nrt20s01-in-f14.1e100.net (172.217.24.142): icmp_seq=121 ttl=128 time=48.6 ms
64 bytes from nrt20s01-in-f14.1e100.net (172.217.24.142): icmp_seq=122 ttl=128 time=43.0 ms
64 bytes from nrt20s01-in-f14.1e100.net (172.217.24.142): icmp_seq=123 ttl=128 time=44.8 ms
64 bytes from nrt20s01-in-f14.1e100.net (172.217.24.142): icmp_seq=124 ttl=128 time=55.7 ms
64 bytes from nrt20s01-in-f14.1e100.net (172.217.24.142): icmp_seq=125 ttl=128 time=65.1 ms
64 bytes from nrt20s01-in-f14.1e100.net (172.217.24.142): icmp_seq=126 ttl=128 time=76.9 ms
64 bytes from nrt20s01-in-f14.1e100.net (172.217.24.142): icmp_seq=127 ttl=128 time=44.5 ms
64 bytes from nrt20s01-in-f14.1e100.net (172.217.24.142): icmp_seq=128 ttl=128 time=47.2 ms
64 bytes from nrt20s01-in-f14.1e100.net (172.217.24.142): icmp_seq=129 ttl=128 time=39.1 ms
64 bytes from nrt20s01-in-f14.1e100.net (172.217.24.142): icmp_seq=130 ttl=128 time=34.3 ms
64 bytes from nrt20s01-in-f14.1e100.net (172.217.24.142): icmp_seq=131 ttl=128 time=72.3 ms
64 bytes from nrt20s01-in-f14.1e100.net (172.217.24.142): icmp_seq=132 ttl=128 time=59.5 ms
64 bytes from nrt20s01-in-f14.1e100.net (172.217.24.142): icmp_seq=133 ttl=128 time=54.5 ms
64 bytes from nrt20s01-in-f14.1e100.net (172.217.24.142): icmp_seq=134 ttl=128 time=55.5 ms
64 bytes from nrt20s01-in-f14.1e100.net (172.217.24.142): icmp_seq=135 ttl=128 time=48.3 ms
64 bytes from nrt20s01-in-f14.1e100.net (172.217.24.142): icmp_seq=136 ttl=128 time=38.0 ms
64 bytes from nrt20s01-in-f14.1e100.net (172.217.24.142): icmp_seq=137 ttl=128 time=73.4 ms
64 bytes from nrt20s01-in-f14.1e100.net (172.217.24.142): icmp_seq=138 ttl=128 time=106 ms
64 bytes from nrt20s01-in-f14.1e100.net (172.217.24.142): icmp_seq=139 ttl=128 time=56.5 ms
64 bytes from nrt20s01-in-f14.1e100.net (172.217.24.142): icmp_seq=140 ttl=128 time=45.9 ms
64 bytes from nrt20s01-in-f14.1e100.net (172.217.24.142): icmp_seq=141 ttl=128 time=66.7 ms
64 bytes from nrt20s01-in-f14.1e100.net (172.217.24.142): icmp_seq=142 ttl=128 time=42.9 ms
64 bytes from nrt20s01-in-f14.1e100.net (172.217.24.142): icmp_seq=143 ttl=128 time=38.5 ms
64 bytes from nrt20s01-in-f14.1e100.net (172.217.24.142): icmp_seq=144 ttl=128 time=35.0 ms
64 bytes from nrt20s01-in-f14.1e100.net (172.217.24.142): icmp_seq=145 ttl=128 time=51.3 ms
64 bytes from nrt20s01-in-f14.1e100.net (172.217.24.142): icmp_seq=146 ttl=128 time=39.2 ms
64 bytes from nrt20s01-in-f14.1e100.net (172.217.24.142): icmp_seq=147 ttl=128 time=54.7 ms
64 bytes from nrt20s01-in-f14.1e100.net (172.217.24.142): icmp_seq=148 ttl=128 time=41.0 ms
64 bytes from nrt20s01-in-f14.1e100.net (172.217.24.142): icmp_seq=149 ttl=128 time=35.2 ms
64 bytes from nrt20s01-in-f14.1e100.net (172.217.24.142): icmp_seq=150 ttl=128 time=35.3 ms
64 bytes from nrt20s01-in-f14.1e100.net (172.217.24.142): icmp_seq=151 ttl=128 time=52.6 ms
64 bytes from nrt20s01-in-f14.1e100.net (172.217.24.142): icmp_seq=152 ttl=128 time=47.2 ms
64 bytes from nrt20s01-in-f14.1e100.net (172.217.24.142): icmp_seq=153 ttl=128 time=134 ms
64 bytes from nrt20s01-in-f14.1e100.net (172.217.24.142): icmp_seq=154 ttl=128 time=40.1 ms
64 bytes from nrt20s01-in-f14.1e100.net (172.217.24.142): icmp_seq=155 ttl=128 time=87.0 ms
64 bytes from nrt20s01-in-f14.1e100.net (172.217.24.142): icmp_seq=156 ttl=128 time=45.8 ms
64 bytes from nrt20s01-in-f14.1e100.net (172.217.24.142): icmp_seq=157 ttl=128 time=40.5 ms
64 bytes from nrt20s01-in-f14.1e100.net (172.217.24.142): icmp_seq=158 ttl=128 time=42.1 ms
64 bytes from nrt20s01-in-f14.1e100.net (172.217.24.142): icmp_seq=159 ttl=128 time=39.6 ms
64 bytes from nrt20s01-in-f14.1e100.net (172.217.24.142): icmp_seq=160 ttl=128 time=54.5 ms
64 bytes from nrt20s01-in-f14.1e100.net (172.217.24.142): icmp_seq=161 ttl=128 time=69.5 ms
64 bytes from nrt20s01-in-f14.1e100.net (172.217.24.142): icmp_seq=162 ttl=128 time=35.6 ms
^C
--- google.com ping statistics ---
162 packets transmitted, 160 received, 1.23457% packet loss, time 161310ms
rtt min/avg/max/mdev = 31.757/88.236/767.687/91.625 ms
ubuntu@ubuntu:~$ ping pacewisdom.com
PING pacewisdom.com (198.202.211.1) 56(84) bytes of data.
64 bytes from 198.202.211.1: icmp_seq=1 ttl=128 time=36.3 ms
64 bytes from 198.202.211.1: icmp_seq=2 ttl=128 time=113 ms
64 bytes from 198.202.211.1: icmp_seq=3 ttl=128 time=42.4 ms
64 bytes from 198.202.211.1: icmp_seq=4 ttl=128 time=63.6 ms
64 bytes from 198.202.211.1: icmp_seq=5 ttl=128 time=69.9 ms

--- pacewisdom.com ping statistics ---
^C5 packets transmitted, 5 received, 0% packet loss, time 5969ms
rtt min/avg/max/mdev = 36.332/65.113/113.359/27.198 ms
ubuntu@ubuntu:~$ ping pacewisdom.com
PING pacewisdom.com (198.202.211.1) 56(84) bytes of data.
64 bytes from 198.202.211.1: icmp_seq=1 ttl=128 time=37.2 ms
64 bytes from 198.202.211.1: icmp_seq=2 ttl=128 time=104 ms
64 bytes from 198.202.211.1: icmp_seq=3 ttl=128 time=62.4 ms
64 bytes from 198.202.211.1: icmp_seq=4 ttl=128 time=61.5 ms
64 bytes from 198.202.211.1: icmp_seq=5 ttl=128 time=43.4 ms
64 bytes from 198.202.211.1: icmp_seq=6 ttl=128 time=47.9 ms
64 bytes from 198.202.211.1: icmp_seq=7 ttl=128 time=53.8 ms
64 bytes from 198.202.211.1: icmp_seq=8 ttl=128 time=268 ms
64 bytes from 198.202.211.1: icmp_seq=9 ttl=128 time=56.8 ms
64 bytes from 198.202.211.1: icmp_seq=10 ttl=128 time=39.6 ms
64 bytes from 198.202.211.1: icmp_seq=11 ttl=128 time=50.7 ms
64 bytes from 198.202.211.1: icmp_seq=12 ttl=128 time=57.5 ms
64 bytes from 198.202.211.1: icmp_seq=13 ttl=128 time=81.2 ms
64 bytes from 198.202.211.1: icmp_seq=14 ttl=128 time=64.1 ms
64 bytes from 198.202.211.1: icmp_seq=15 ttl=128 time=66.5 ms
64 bytes from 198.202.211.1: icmp_seq=16 ttl=128 time=54.7 ms
64 bytes from 198.202.211.1: icmp_seq=17 ttl=128 time=65.4 ms
64 bytes from 198.202.211.1: icmp_seq=18 ttl=128 time=57.2 ms
64 bytes from 198.202.211.1: icmp_seq=19 ttl=128 time=43.9 ms
64 bytes from 198.202.211.1: icmp_seq=20 ttl=128 time=55.7 ms
64 bytes from 198.202.211.1: icmp_seq=21 ttl=128 time=67.7 ms
64 bytes from 198.202.211.1: icmp_seq=22 ttl=128 time=58.9 ms
64 bytes from 198.202.211.1: icmp_seq=23 ttl=128 time=67.1 ms
64 bytes from 198.202.211.1: icmp_seq=25 ttl=128 time=85.7 ms
64 bytes from 198.202.211.1: icmp_seq=26 ttl=128 time=49.5 ms
64 bytes from 198.202.211.1: icmp_seq=27 ttl=128 time=98.1 ms
64 bytes from 198.202.211.1: icmp_seq=28 ttl=128 time=57.8 ms
64 bytes from 198.202.211.1: icmp_seq=29 ttl=128 time=55.0 ms
64 bytes from 198.202.211.1: icmp_seq=30 ttl=128 time=57.9 ms
64 bytes from 198.202.211.1: icmp_seq=31 ttl=128 time=39.8 ms
64 bytes from 198.202.211.1: icmp_seq=32 ttl=128 time=76.0 ms
64 bytes from 198.202.211.1: icmp_seq=33 ttl=128 time=57.9 ms
64 bytes from 198.202.211.1: icmp_seq=34 ttl=128 time=41.6 ms
64 bytes from 198.202.211.1: icmp_seq=35 ttl=128 time=67.6 ms
64 bytes from 198.202.211.1: icmp_seq=37 ttl=128 time=317 ms
64 bytes from 198.202.211.1: icmp_seq=38 ttl=128 time=54.0 ms
64 bytes from 198.202.211.1: icmp_seq=39 ttl=128 time=56.0 ms
^C
--- pacewisdom.com ping statistics ---
39 packets transmitted, 37 received, 5.12821% packet loss, time 39142ms
rtt min/avg/max/mdev = 37.198/72.416/316.980/54.893 ms
ubuntu@ubuntu:~$ traceroute 8.8.8.8
traceroute to 8.8.8.8 (8.8.8.8), 30 hops max, 60 byte packets
 1  _gateway (172.16.213.2)  1.384 ms  1.243 ms  1.162 ms
 2  192.168.0.1 (192.168.0.1)  11.994 ms  11.906 ms  11.880 ms
 3  223.190.228.1 (223.190.228.1)  34.154 ms  28.420 ms 192.168.1.1 (192.168.1.1)  11.419 ms
 4  152.52.122.45 (152.52.122.45)  33.721 ms  28.215 ms 10.0.0.1 (10.0.0.1)  11.233 ms
 5  116.119.68.108 (116.119.68.108)  33.534 ms * *
 6  * * 219.65.99.1.STATIC-Banglore.vsnl.net.in (219.65.99.1)  13.996 ms
 7  * * *
 8  115.113.165.98.static-mumbai.vsnl.net.in (115.113.165.98)  38.172 ms dns.google (8.8.8.8)  49.439 ms  49.359 ms
ubuntu@ubuntu:~$ 
